// Jest Snapshot v1, https://goo.gl/fbAQLP

exports[`<TodoListItem /> should match snapshot 1`] = `
<li
  className="list-group-item d-flex justify-content-between align-items-center"
  key="1"
>
  <p
    className="false"
    onClick={[Function]}
  >
    1
    . 
    Aprender React
  </p>
  <button
    className="btn btn-outline-danger"
    onClick={[Function]}
  >
    Borrar
  </button>
</li>
`;
