// Jest Snapshot v1, https://goo.gl/fbAQLP

exports[`<MultipleCustomHooks /> should match snapshot 1`] = `
<div
  className="container mt-5"
>
  <h1>
    Breaking Bad Quotes
  </h1>
  <hr />
  <div
    className="alert alert-info text-center"
  >
    Loading...
  </div>
  <button
    className="btn btn-primary"
    onClick={[Function]}
  >
    Siguiente Frase
  </button>
</div>
`;
