// Jest Snapshot v1, https://goo.gl/fbAQLP

exports[`<RealExampleRef /> should match snapshot 1`] = `
<div
  className="container mt-5"
>
  <h1>
    Real Example Ref
  </h1>
  <hr />
  <button
    className="btn btn-outline-primary mt-5"
    onClick={[Function]}
  >
    Show / Hide
  </button>
</div>
`;
